time=2025-11-20T20:21:48.688+01:00 level=ERROR msg=---------------------------------------------------
time=2025-11-20T20:47:25.637+01:00 level=ERROR msg=---------------------------------------------------
time=2025-11-20T21:11:06.717+01:00 level=ERROR msg=---------------------------------------------------
time=2025-11-20T21:27:16.481+01:00 level=ERROR msg=---------------------------------------------------
time=2025-11-20T21:27:42.221+01:00 level=ERROR msg="Test nebol nájdený" "ID testu"=0 CRITICAL.error="record not found"
time=2025-11-20T21:30:41.391+01:00 level=ERROR msg=---------------------------------------------------
time=2025-12-22T11:15:17.067+01:00 level=ERROR msg=---------------------------------------------------
time=2025-12-22T11:16:04.377+01:00 level=ERROR msg="Test nebol nájdený" "ID testu"=0 CRITICAL.error="record not found"
time=2025-12-22T11:21:45.131+01:00 level=ERROR msg=---------------------------------------------------
time=2025-12-22T11:22:48.071+01:00 level=ERROR msg="Študent nebol nájdený" "student id"=127 CRITICAL.error="record not found"
time=2025-12-22T11:22:48.071+01:00 level=ERROR msg="Chyba pri získavaní ID študenta z databázy" "PDF strana"=83 error="record not found"
time=2025-12-22T11:22:48.844+01:00 level=ERROR msg="Študent nebol nájdený" "student id"=90 CRITICAL.error="record not found"
time=2025-12-22T11:22:48.844+01:00 level=ERROR msg="Chyba pri získavaní ID študenta z databázy" "PDF strana"=41 error="record not found"
time=2025-12-22T11:22:49.428+01:00 level=ERROR msg="Študent nebol nájdený" "student id"=121 CRITICAL.error="record not found"
time=2025-12-22T11:22:49.428+01:00 level=ERROR msg="Chyba pri získavaní ID študenta z databázy" "PDF strana"=0 error="record not found"
time=2025-12-22T11:22:50.440+01:00 level=ERROR msg="Študent nebol nájdený" "student id"=121 CRITICAL.error="record not found"
time=2025-12-22T11:22:50.440+01:00 level=ERROR msg="Chyba pri získavaní ID študenta z databázy" "PDF strana"=1 error="record not found"
time=2025-12-22T11:22:50.835+01:00 level=ERROR msg="Študent nebol nájdený" "student id"=107 CRITICAL.error="record not found"
time=2025-12-22T11:22:50.835+01:00 level=ERROR msg="Chyba pri získavaní ID študenta z databázy" "PDF strana"=2 error="record not found"
time=2025-12-22T11:22:51.430+01:00 level=ERROR msg="Študent nebol nájdený" "student id"=107 CRITICAL.error="record not found"
time=2025-12-22T11:22:51.430+01:00 level=ERROR msg="Chyba pri získavaní ID študenta z databázy" "PDF strana"=3 error="record not found"
time=2025-12-22T11:22:51.990+01:00 level=ERROR msg="Študent nebol nájdený" "student id"=106 CRITICAL.error="record not found"
time=2025-12-22T11:22:51.990+01:00 level=ERROR msg="Chyba pri získavaní ID študenta z databázy" "PDF strana"=4 error="record not found"
time=2025-12-22T11:22:53.794+01:00 level=ERROR msg="Študent nebol nájdený" "student registration number"=1000026 CRITICAL.error="record not found"
time=2025-12-22T11:22:53.794+01:00 level=ERROR msg="Chyba pri získavaní ID študenta z databázy" "PDF strana"=5 error="record not found"
time=2025-12-22T11:22:55.058+01:00 level=ERROR msg="Študent nebol nájdený" "student id"=128 CRITICAL.error="record not found"
time=2025-12-22T11:22:55.058+01:00 level=ERROR msg="Chyba pri získavaní ID študenta z databázy" "PDF strana"=6 error="record not found"
time=2025-12-22T11:22:55.890+01:00 level=ERROR msg="Študent nebol nájdený" "student id"=128 CRITICAL.error="record not found"
time=2025-12-22T11:22:55.890+01:00 level=ERROR msg="Chyba pri získavaní ID študenta z databázy" "PDF strana"=7 error="record not found"
time=2025-12-22T11:22:57.905+01:00 level=ERROR msg="Študent nebol nájdený" "student id"=102 CRITICAL.error="record not found"
time=2025-12-22T11:22:57.905+01:00 level=ERROR msg="Chyba pri získavaní ID študenta z databázy" "PDF strana"=8 error="record not found"
time=2025-12-22T11:22:58.668+01:00 level=ERROR msg="Študent nebol nájdený" "student id"=102 CRITICAL.error="record not found"
time=2025-12-22T11:22:58.668+01:00 level=ERROR msg="Chyba pri získavaní ID študenta z databázy" "PDF strana"=9 error="record not found"
time=2025-12-22T11:22:59.669+01:00 level=ERROR msg="Študent nebol nájdený" "student id"=97 CRITICAL.error="record not found"
time=2025-12-22T11:22:59.669+01:00 level=ERROR msg="Chyba pri získavaní ID študenta z databázy" "PDF strana"=10 error="record not found"
time=2025-12-22T11:23:00.076+01:00 level=ERROR msg="Študent nebol nájdený" "student id"=97 CRITICAL.error="record not found"
time=2025-12-22T11:23:00.077+01:00 level=ERROR msg="Chyba pri získavaní ID študenta z databázy" "PDF strana"=11 error="record not found"
time=2025-12-22T11:23:00.416+01:00 level=ERROR msg="Študent nebol nájdený" "student id"=101 CRITICAL.error="record not found"
time=2025-12-22T11:23:00.416+01:00 level=ERROR msg="Chyba pri získavaní ID študenta z databázy" "PDF strana"=12 error="record not found"
time=2025-12-22T11:23:00.877+01:00 level=ERROR msg="Študent nebol nájdený" "student id"=101 CRITICAL.error="record not found"
time=2025-12-22T11:23:00.877+01:00 level=ERROR msg="Chyba pri získavaní ID študenta z databázy" "PDF strana"=13 error="record not found"
time=2025-12-22T11:23:01.295+01:00 level=ERROR msg="Študent nebol nájdený" "student id"=96 CRITICAL.error="record not found"
time=2025-12-22T11:23:01.295+01:00 level=ERROR msg="Chyba pri získavaní ID študenta z databázy" "PDF strana"=28 error="record not found"
time=2025-12-22T11:23:01.962+01:00 level=ERROR msg="Študent nebol nájdený" "student id"=96 CRITICAL.error="record not found"
time=2025-12-22T11:23:01.962+01:00 level=ERROR msg="Chyba pri získavaní ID študenta z databázy" "PDF strana"=29 error="record not found"
time=2025-12-22T11:23:03.525+01:00 level=ERROR msg="Študent nebol nájdený" "student id"=86 CRITICAL.error="record not found"
time=2025-12-22T11:23:03.526+01:00 level=ERROR msg="Chyba pri získavaní ID študenta z databázy" "PDF strana"=30 error="record not found"
time=2025-12-22T11:23:04.263+01:00 level=ERROR msg="Študent nebol nájdený" "student id"=86 CRITICAL.error="record not found"
time=2025-12-22T11:23:04.266+01:00 level=ERROR msg="Chyba pri získavaní ID študenta z databázy" "PDF strana"=31 error="record not found"
time=2025-12-22T11:23:09.074+01:00 level=ERROR msg="Študent nebol nájdený" "student registration number"=1000003 CRITICAL.error="record not found"
time=2025-12-22T11:23:09.075+01:00 level=ERROR msg="Chyba pri získavaní ID študenta z databázy" "PDF strana"=32 error="record not found"
time=2025-12-22T11:23:10.529+01:00 level=ERROR msg="Študent nebol nájdený" "student id"=99 CRITICAL.error="record not found"
time=2025-12-22T11:23:10.529+01:00 level=ERROR msg="Chyba pri získavaní ID študenta z databázy" "PDF strana"=27 error="record not found"
time=2025-12-22T11:23:11.628+01:00 level=ERROR msg="Študent nebol nájdený" "student id"=83 CRITICAL.error="record not found"
time=2025-12-22T11:23:11.628+01:00 level=ERROR msg="Chyba pri získavaní ID študenta z databázy" "PDF strana"=33 error="record not found"
time=2025-12-22T11:23:20.326+01:00 level=ERROR msg="Študent nebol nájdený" "student registration number"=1000020 CRITICAL.error="record not found"
time=2025-12-22T11:23:20.326+01:00 level=ERROR msg="Chyba pri získavaní ID študenta z databázy" "PDF strana"=34 error="record not found"
time=2025-12-22T11:23:21.358+01:00 level=ERROR msg="Študent nebol nájdený" "student id"=100 CRITICAL.error="record not found"
time=2025-12-22T11:23:21.358+01:00 level=ERROR msg="Chyba pri získavaní ID študenta z databázy" "PDF strana"=35 error="record not found"
time=2025-12-22T11:23:22.670+01:00 level=ERROR msg="Študent nebol nájdený" "student id"=95 CRITICAL.error="record not found"
time=2025-12-22T11:23:22.670+01:00 level=ERROR msg="Chyba pri získavaní ID študenta z databázy" "PDF strana"=14 error="record not found"
time=2025-12-22T11:23:23.812+01:00 level=ERROR msg="Študent nebol nájdený" "student id"=93 CRITICAL.error="record not found"
time=2025-12-22T11:23:23.812+01:00 level=ERROR msg="Chyba pri získavaní ID študenta z databázy" "PDF strana"=36 error="record not found"
time=2025-12-22T11:23:25.873+01:00 level=ERROR msg="Študent nebol nájdený" "student id"=93 CRITICAL.error="record not found"
time=2025-12-22T11:23:25.874+01:00 level=ERROR msg="Chyba pri získavaní ID študenta z databázy" "PDF strana"=37 error="record not found"
time=2025-12-22T11:23:27.311+01:00 level=ERROR msg="Študent nebol nájdený" "student id"=95 CRITICAL.error="record not found"
time=2025-12-22T11:23:27.311+01:00 level=ERROR msg="Chyba pri získavaní ID študenta z databázy" "PDF strana"=15 error="record not found"
time=2025-12-22T11:23:30.671+01:00 level=ERROR msg="Študent nebol nájdený" "student id"=87 CRITICAL.error="record not found"
time=2025-12-22T11:23:30.673+01:00 level=ERROR msg="Chyba pri získavaní ID študenta z databázy" "PDF strana"=38 error="record not found"
time=2025-12-22T11:23:31.118+01:00 level=ERROR msg="Študent nebol nájdený" "student id"=89 CRITICAL.error="record not found"
time=2025-12-22T11:23:31.118+01:00 level=ERROR msg="Chyba pri získavaní ID študenta z databázy" "PDF strana"=16 error="record not found"
time=2025-12-22T11:23:31.518+01:00 level=ERROR msg="Študent nebol nájdený" "student id"=87 CRITICAL.error="record not found"
time=2025-12-22T11:23:31.518+01:00 level=ERROR msg="Chyba pri získavaní ID študenta z databázy" "PDF strana"=39 error="record not found"
time=2025-12-22T11:23:32.226+01:00 level=ERROR msg="Študent nebol nájdený" "student id"=89 CRITICAL.error="record not found"
time=2025-12-22T11:23:32.226+01:00 level=ERROR msg="Chyba pri získavaní ID študenta z databázy" "PDF strana"=17 error="record not found"
time=2025-12-22T11:23:33.033+01:00 level=ERROR msg="Študent nebol nájdený" "student id"=82 CRITICAL.error="record not found"
time=2025-12-22T11:23:33.033+01:00 level=ERROR msg="Chyba pri získavaní ID študenta z databázy" "PDF strana"=18 error="record not found"
time=2025-12-22T11:23:34.174+01:00 level=ERROR msg="Študent nebol nájdený" "student registration number"=1000002 CRITICAL.error="record not found"
time=2025-12-22T11:23:34.174+01:00 level=ERROR msg="Chyba pri získavaní ID študenta z databázy" "PDF strana"=19 error="record not found"
time=2025-12-22T11:23:34.555+01:00 level=ERROR msg="Študent nebol nájdený" "student id"=88 CRITICAL.error="record not found"
time=2025-12-22T11:23:34.555+01:00 level=ERROR msg="Chyba pri získavaní ID študenta z databázy" "PDF strana"=20 error="record not found"
time=2025-12-22T11:23:34.906+01:00 level=ERROR msg="Študent nebol nájdený" "student id"=88 CRITICAL.error="record not found"
time=2025-12-22T11:23:34.906+01:00 level=ERROR msg="Chyba pri získavaní ID študenta z databázy" "PDF strana"=21 error="record not found"
time=2025-12-22T11:23:35.260+01:00 level=ERROR msg="Študent nebol nájdený" "student id"=103 CRITICAL.error="record not found"
time=2025-12-22T11:23:35.260+01:00 level=ERROR msg="Chyba pri získavaní ID študenta z databázy" "PDF strana"=22 error="record not found"
time=2025-12-22T11:23:35.726+01:00 level=ERROR msg="Študent nebol nájdený" "student id"=103 CRITICAL.error="record not found"
time=2025-12-22T11:23:35.726+01:00 level=ERROR msg="Chyba pri získavaní ID študenta z databázy" "PDF strana"=23 error="record not found"
time=2025-12-22T11:23:42.066+01:00 level=ERROR msg="Študent nebol nájdený" "student registration number"=1000018 CRITICAL.error="record not found"
time=2025-12-22T11:23:42.067+01:00 level=ERROR msg="Chyba pri získavaní ID študenta z databázy" "PDF strana"=24 error="record not found"
time=2025-12-22T11:23:42.789+01:00 level=ERROR msg="Študent nebol nájdený" "student id"=98 CRITICAL.error="record not found"
time=2025-12-22T11:23:42.790+01:00 level=ERROR msg="Chyba pri získavaní ID študenta z databázy" "PDF strana"=25 error="record not found"
time=2025-12-22T11:23:43.366+01:00 level=ERROR msg="Študent nebol nájdený" "student id"=99 CRITICAL.error="record not found"
time=2025-12-22T11:23:43.366+01:00 level=ERROR msg="Chyba pri získavaní ID študenta z databázy" "PDF strana"=26 error="record not found"
time=2025-12-22T11:23:46.599+01:00 level=ERROR msg="Študent nebol nájdený" "student id"=118 CRITICAL.error="record not found"
time=2025-12-22T11:23:46.603+01:00 level=ERROR msg="Chyba pri získavaní ID študenta z databázy" "PDF strana"=62 error="record not found"
time=2025-12-22T11:23:50.107+01:00 level=ERROR msg="Študent nebol nájdený" "student id"=81 CRITICAL.error="record not found"
time=2025-12-22T11:23:50.108+01:00 level=ERROR msg="Chyba pri získavaní ID študenta z databázy" "PDF strana"=42 error="record not found"
time=2025-12-22T11:23:53.741+01:00 level=ERROR msg="Študent nebol nájdený" "student id"=81 CRITICAL.error="record not found"
time=2025-12-22T11:23:53.742+01:00 level=ERROR msg="Chyba pri získavaní ID študenta z databázy" "PDF strana"=43 error="record not found"
time=2025-12-22T11:23:58.370+01:00 level=ERROR msg="Študent nebol nájdený" "student id"=80 CRITICAL.error="record not found"
time=2025-12-22T11:23:58.371+01:00 level=ERROR msg="Chyba pri získavaní ID študenta z databázy" "PDF strana"=44 error="record not found"
time=2025-12-22T11:23:59.591+01:00 level=ERROR msg="Študent nebol nájdený" "student id"=80 CRITICAL.error="record not found"
time=2025-12-22T11:23:59.591+01:00 level=ERROR msg="Chyba pri získavaní ID študenta z databázy" "PDF strana"=45 error="record not found"
time=2025-12-22T11:24:01.298+01:00 level=ERROR msg="Študent nebol nájdený" "student id"=91 CRITICAL.error="record not found"
time=2025-12-22T11:24:01.298+01:00 level=ERROR msg="Chyba pri získavaní ID študenta z databázy" "PDF strana"=46 error="record not found"
time=2025-12-22T11:24:01.988+01:00 level=ERROR msg="Študent nebol nájdený" "student id"=91 CRITICAL.error="record not found"
time=2025-12-22T11:24:01.988+01:00 level=ERROR msg="Chyba pri získavaní ID študenta z databázy" "PDF strana"=47 error="record not found"
time=2025-12-22T11:24:02.528+01:00 level=ERROR msg="Študent nebol nájdený" "student id"=90 CRITICAL.error="record not found"
time=2025-12-22T11:24:02.528+01:00 level=ERROR msg="Chyba pri získavaní ID študenta z databázy" "PDF strana"=40 error="record not found"
time=2025-12-22T11:24:02.890+01:00 level=ERROR msg="Študent nebol nájdený" "student id"=122 CRITICAL.error="record not found"
time=2025-12-22T11:24:02.891+01:00 level=ERROR msg="Chyba pri získavaní ID študenta z databázy" "PDF strana"=72 error="record not found"
time=2025-12-22T11:24:03.484+01:00 level=ERROR msg="Študent nebol nájdený" "student registration number"=1000005 CRITICAL.error="record not found"
time=2025-12-22T11:24:03.484+01:00 level=ERROR msg="Chyba pri získavaní ID študenta z databázy" "PDF strana"=48 error="record not found"
time=2025-12-22T11:24:03.863+01:00 level=ERROR msg="Študent nebol nájdený" "student id"=85 CRITICAL.error="record not found"
time=2025-12-22T11:24:03.863+01:00 level=ERROR msg="Chyba pri získavaní ID študenta z databázy" "PDF strana"=49 error="record not found"
time=2025-12-22T11:24:04.217+01:00 level=ERROR msg="Študent nebol nájdený" "student id"=108 CRITICAL.error="record not found"
time=2025-12-22T11:24:04.217+01:00 level=ERROR msg="Chyba pri získavaní ID študenta z databázy" "PDF strana"=50 error="record not found"
time=2025-12-22T11:24:04.565+01:00 level=ERROR msg="Študent nebol nájdený" "student id"=118 CRITICAL.error="record not found"
time=2025-12-22T11:24:04.565+01:00 level=ERROR msg="Chyba pri získavaní ID študenta z databázy" "PDF strana"=63 error="record not found"
time=2025-12-22T11:24:04.974+01:00 level=ERROR msg="Študent nebol nájdený" "student registration number"=1000039 CRITICAL.error="record not found"
time=2025-12-22T11:24:04.974+01:00 level=ERROR msg="Chyba pri získavaní ID študenta z databázy" "PDF strana"=64 error="record not found"
time=2025-12-22T11:24:05.463+01:00 level=ERROR msg="Študent nebol nájdený" "student id"=108 CRITICAL.error="record not found"
time=2025-12-22T11:24:05.463+01:00 level=ERROR msg="Chyba pri získavaní ID študenta z databázy" "PDF strana"=51 error="record not found"
time=2025-12-22T11:24:05.791+01:00 level=ERROR msg="Študent nebol nájdený" "student id"=111 CRITICAL.error="record not found"
time=2025-12-22T11:24:05.792+01:00 level=ERROR msg="Chyba pri získavaní ID študenta z databázy" "PDF strana"=52 error="record not found"
time=2025-12-22T11:24:06.186+01:00 level=ERROR msg="Študent nebol nájdený" "student id"=119 CRITICAL.error="record not found"
time=2025-12-22T11:24:06.186+01:00 level=ERROR msg="Chyba pri získavaní ID študenta z databázy" "PDF strana"=65 error="record not found"
time=2025-12-22T11:24:06.526+01:00 level=ERROR msg="Študent nebol nájdený" "student id"=111 CRITICAL.error="record not found"
time=2025-12-22T11:24:06.526+01:00 level=ERROR msg="Chyba pri získavaní ID študenta z databázy" "PDF strana"=53 error="record not found"
time=2025-12-22T11:24:06.883+01:00 level=ERROR msg="Študent nebol nájdený" "student id"=120 CRITICAL.error="record not found"
time=2025-12-22T11:24:06.883+01:00 level=ERROR msg="Chyba pri získavaní ID študenta z databázy" "PDF strana"=66 error="record not found"
time=2025-12-22T11:24:07.269+01:00 level=ERROR msg="Študent nebol nájdený" "student id"=112 CRITICAL.error="record not found"
time=2025-12-22T11:24:07.269+01:00 level=ERROR msg="Chyba pri získavaní ID študenta z databázy" "PDF strana"=54 error="record not found"
time=2025-12-22T11:24:07.600+01:00 level=ERROR msg="Študent nebol nájdený" "student id"=120 CRITICAL.error="record not found"
time=2025-12-22T11:24:07.601+01:00 level=ERROR msg="Chyba pri získavaní ID študenta z databázy" "PDF strana"=67 error="record not found"
time=2025-12-22T11:24:07.927+01:00 level=ERROR msg="Študent nebol nájdený" "student id"=112 CRITICAL.error="record not found"
time=2025-12-22T11:24:07.927+01:00 level=ERROR msg="Chyba pri získavaní ID študenta z databázy" "PDF strana"=55 error="record not found"
time=2025-12-22T11:24:08.271+01:00 level=ERROR msg="Študent nebol nájdený" "student id"=114 CRITICAL.error="record not found"
time=2025-12-22T11:24:08.271+01:00 level=ERROR msg="Chyba pri získavaní ID študenta z databázy" "PDF strana"=68 error="record not found"
time=2025-12-22T11:24:09.294+01:00 level=ERROR msg="Študent nebol nájdený" "student id"=110 CRITICAL.error="record not found"
time=2025-12-22T11:24:09.294+01:00 level=ERROR msg="Chyba pri získavaní ID študenta z databázy" "PDF strana"=56 error="record not found"
time=2025-12-22T11:24:10.062+01:00 level=ERROR msg="Študent nebol nájdený" "student id"=114 CRITICAL.error="record not found"
time=2025-12-22T11:24:10.062+01:00 level=ERROR msg="Chyba pri získavaní ID študenta z databázy" "PDF strana"=69 error="record not found"
time=2025-12-22T11:24:10.491+01:00 level=ERROR msg="Študent nebol nájdený" "student registration number"=1000030 CRITICAL.error="record not found"
time=2025-12-22T11:24:10.491+01:00 level=ERROR msg="Chyba pri získavaní ID študenta z databázy" "PDF strana"=57 error="record not found"
time=2025-12-22T11:24:10.848+01:00 level=ERROR msg="Študent nebol nájdený" "student id"=109 CRITICAL.error="record not found"
time=2025-12-22T11:24:10.849+01:00 level=ERROR msg="Chyba pri získavaní ID študenta z databázy" "PDF strana"=70 error="record not found"
time=2025-12-22T11:24:11.294+01:00 level=ERROR msg="Študent nebol nájdený" "student id"=113 CRITICAL.error="record not found"
time=2025-12-22T11:24:11.294+01:00 level=ERROR msg="Chyba pri získavaní ID študenta z databázy" "PDF strana"=58 error="record not found"
time=2025-12-22T11:24:11.783+01:00 level=ERROR msg="Študent nebol nájdený" "student id"=113 CRITICAL.error="record not found"
time=2025-12-22T11:24:11.783+01:00 level=ERROR msg="Chyba pri získavaní ID študenta z databázy" "PDF strana"=59 error="record not found"
time=2025-12-22T11:24:12.207+01:00 level=ERROR msg="Študent nebol nájdený" "student id"=105 CRITICAL.error="record not found"
time=2025-12-22T11:24:12.207+01:00 level=ERROR msg="Chyba pri získavaní ID študenta z databázy" "PDF strana"=60 error="record not found"
time=2025-12-22T11:24:12.595+01:00 level=ERROR msg="Študent nebol nájdený" "student id"=109 CRITICAL.error="record not found"
time=2025-12-22T11:24:12.595+01:00 level=ERROR msg="Chyba pri získavaní ID študenta z databázy" "PDF strana"=71 error="record not found"
time=2025-12-22T11:24:12.988+01:00 level=ERROR msg="Študent nebol nájdený" "student id"=124 CRITICAL.error="record not found"
time=2025-12-22T11:24:12.988+01:00 level=ERROR msg="Chyba pri získavaní ID študenta z databázy" "PDF strana"=77 error="record not found"
time=2025-12-22T11:24:13.329+01:00 level=ERROR msg="Študent nebol nájdený" "student id"=122 CRITICAL.error="record not found"
time=2025-12-22T11:24:13.329+01:00 level=ERROR msg="Chyba pri získavaní ID študenta z databázy" "PDF strana"=73 error="record not found"
time=2025-12-22T11:24:13.715+01:00 level=ERROR msg="Študent nebol nájdený" "student id"=105 CRITICAL.error="record not found"
time=2025-12-22T11:24:13.715+01:00 level=ERROR msg="Chyba pri získavaní ID študenta z databázy" "PDF strana"=61 error="record not found"
time=2025-12-22T11:24:14.292+01:00 level=ERROR msg="Študent nebol nájdený" "student registration number"=1000043 CRITICAL.error="record not found"
time=2025-12-22T11:24:14.292+01:00 level=ERROR msg="Chyba pri získavaní ID študenta z databázy" "PDF strana"=74 error="record not found"
time=2025-12-22T11:24:14.778+01:00 level=ERROR msg="Študent nebol nájdený" "student id"=123 CRITICAL.error="record not found"
time=2025-12-22T11:24:14.779+01:00 level=ERROR msg="Chyba pri získavaní ID študenta z databázy" "PDF strana"=75 error="record not found"
time=2025-12-22T11:24:15.236+01:00 level=ERROR msg="Študent nebol nájdený" "student id"=125 CRITICAL.error="record not found"
time=2025-12-22T11:24:15.236+01:00 level=ERROR msg="Chyba pri získavaní ID študenta z databázy" "PDF strana"=80 error="record not found"
time=2025-12-22T11:24:15.559+01:00 level=ERROR msg="Študent nebol nájdený" "student id"=116 CRITICAL.error="record not found"
time=2025-12-22T11:24:15.559+01:00 level=ERROR msg="Chyba pri získavaní ID študenta z databázy" "PDF strana"=78 error="record not found"
time=2025-12-22T11:24:15.912+01:00 level=ERROR msg="Študent nebol nájdený" "student id"=124 CRITICAL.error="record not found"
time=2025-12-22T11:24:15.913+01:00 level=ERROR msg="Chyba pri získavaní ID študenta z databázy" "PDF strana"=76 error="record not found"
time=2025-12-22T11:24:16.258+01:00 level=ERROR msg="Študent nebol nájdený" "student id"=125 CRITICAL.error="record not found"
time=2025-12-22T11:24:16.259+01:00 level=ERROR msg="Chyba pri získavaní ID študenta z databázy" "PDF strana"=81 error="record not found"
time=2025-12-22T11:24:16.605+01:00 level=ERROR msg="Študent nebol nájdený" "student id"=116 CRITICAL.error="record not found"
time=2025-12-22T11:24:16.605+01:00 level=ERROR msg="Chyba pri získavaní ID študenta z databázy" "PDF strana"=79 error="record not found"
time=2025-12-22T11:24:16.926+01:00 level=ERROR msg="Študent nebol nájdený" "student id"=127 CRITICAL.error="record not found"
time=2025-12-22T11:24:16.926+01:00 level=ERROR msg="Chyba pri získavaní ID študenta z databázy" "PDF strana"=82 error="record not found"
time=2025-12-22T12:29:40.623+01:00 level=ERROR msg=---------------------------------------------------
time=2025-12-22T12:34:21.843+01:00 level=ERROR msg=---------------------------------------------------
time=2025-12-22T12:36:15.049+01:00 level=ERROR msg="Neplatný dátum a čas" INFO.datumacas="1.11.2024 20:20"
time=2025-12-22T12:36:16.586+01:00 level=ERROR msg="Neplatný dátum a čas" INFO.datumacas="1.11.2024 20:20"
time=2025-12-22T12:36:17.290+01:00 level=ERROR msg="Neplatný dátum a čas" INFO.datumacas="1.11.2024 20:20"
time=2025-12-22T12:36:17.465+01:00 level=ERROR msg="Neplatný dátum a čas" INFO.datumacas="1.11.2024 20:20"
time=2025-12-22T12:36:17.807+01:00 level=ERROR msg="Neplatný dátum a čas" INFO.datumacas="1.11.2024 20:20"
time=2025-12-22T12:36:17.974+01:00 level=ERROR msg="Neplatný dátum a čas" INFO.datumacas="1.11.2024 20:20"
time=2025-12-22T12:36:18.216+01:00 level=ERROR msg="Neplatný dátum a čas" INFO.datumacas="1.11.2024 20:20"
time=2025-12-22T12:36:18.891+01:00 level=ERROR msg="Neplatný dátum a čas" INFO.datumacas="1.11.2024 20:20"
time=2025-12-22T12:36:19.104+01:00 level=ERROR msg="Neplatný dátum a čas" INFO.datumacas="1.11.2024 20:20"
time=2025-12-22T12:36:23.150+01:00 level=ERROR msg="Neplatný dátum a čas" INFO.datumacas="1.11.2024 20:20"
time=2025-12-22T12:36:23.554+01:00 level=ERROR msg="Neplatný dátum a čas" INFO.datumacas="1.11.2024 20:20"
time=2025-12-22T12:36:23.773+01:00 level=ERROR msg="Neplatný dátum a čas" INFO.datumacas="1.11.2024 20:20"
time=2025-12-22T12:36:23.949+01:00 level=ERROR msg="Neplatný dátum a čas" INFO.datumacas="1.11.2024 20:20"
time=2025-12-22T12:36:24.126+01:00 level=ERROR msg="Neplatný dátum a čas" INFO.datumacas="1.11.2024 20:20"
time=2025-12-22T12:36:28.282+01:00 level=ERROR msg="Neplatný dátum a čas" INFO.datumacas="1.11.2024 20:20"
time=2025-12-22T12:36:28.516+01:00 level=ERROR msg="Neplatný dátum a čas" INFO.datumacas="1.11.2024 20:20"
time=2025-12-22T12:36:28.700+01:00 level=ERROR msg="Neplatný dátum a čas" INFO.datumacas="1.11.2024 20:20"
time=2025-12-22T12:36:28.890+01:00 level=ERROR msg="Neplatný dátum a čas" INFO.datumacas="1.11.2024 20:20"
time=2025-12-22T12:36:29.014+01:00 level=ERROR msg="Neplatný dátum a čas" INFO.datumacas="1.11.2024 20:20"
time=2025-12-22T12:36:29.189+01:00 level=ERROR msg="Neplatný dátum a čas" INFO.datumacas="1.11.2024 20:20"
time=2025-12-22T12:36:29.363+01:00 level=ERROR msg="Neplatný dátum a čas" INFO.datumacas="1.11.2024 20:20"
time=2025-12-22T12:36:29.535+01:00 level=ERROR msg="Neplatný dátum a čas" INFO.datumacas="1.11.2024 20:20"
time=2025-12-22T12:36:29.712+01:00 level=ERROR msg="Neplatný dátum a čas" INFO.datumacas="1.11.2024 20:20"
time=2025-12-22T12:36:29.876+01:00 level=ERROR msg="Neplatný dátum a čas" INFO.datumacas="1.11.2024 20:20"
time=2025-12-22T12:37:02.999+01:00 level=ERROR msg="Neplatný dátum a čas" INFO.datumacas="1.11.2024 20:20"
time=2025-12-22T12:37:03.763+01:00 level=ERROR msg="Neplatný dátum a čas" INFO.datumacas="1.11.2024 20:20"
time=2025-12-22T12:37:03.954+01:00 level=ERROR msg="Neplatný dátum a čas" INFO.datumacas="1.11.2024 20:20"
time=2025-12-22T12:37:04.134+01:00 level=ERROR msg="Neplatný dátum a čas" INFO.datumacas="1.11.2024 20:20"
time=2025-12-22T12:37:04.296+01:00 level=ERROR msg="Neplatný dátum a čas" INFO.datumacas="1.11.2024 20:20"
time=2025-12-22T12:37:05.292+01:00 level=ERROR msg="Neplatný dátum a čas" INFO.datumacas="1.11.2024 20:20"
time=2025-12-22T12:37:05.863+01:00 level=ERROR msg="Neplatný dátum a čas" INFO.datumacas="1.11.2024 20:20"
time=2025-12-22T12:37:05.974+01:00 level=ERROR msg="Neplatný dátum a čas" INFO.datumacas="1.11.2024 20:20"
time=2025-12-22T12:37:06.271+01:00 level=ERROR msg="Neplatný dátum a čas" INFO.datumacas="1.11.2024 20:20"
time=2025-12-22T12:37:06.447+01:00 level=ERROR msg="Neplatný dátum a čas" INFO.datumacas="1.11.2024 20:20"
time=2025-12-22T12:37:06.622+01:00 level=ERROR msg="Neplatný dátum a čas" INFO.datumacas="1.11.2024 20:20"
time=2025-12-22T12:37:06.801+01:00 level=ERROR msg="Neplatný dátum a čas" INFO.datumacas="1.11.2024 20:20"
time=2025-12-22T12:37:07.027+01:00 level=ERROR msg="Neplatný dátum a čas" INFO.datumacas="1.11.2024 20:20"
time=2025-12-22T12:37:07.203+01:00 level=ERROR msg="Neplatný dátum a čas" INFO.datumacas="1.11.2024 20:20"
time=2025-12-22T12:37:07.388+01:00 level=ERROR msg="Neplatný dátum a čas" INFO.datumacas="1.11.2024 20:20"
time=2025-12-22T12:37:07.556+01:00 level=ERROR msg="Neplatný dátum a čas" INFO.datumacas="1.11.2024 20:20"
time=2025-12-22T12:37:07.792+01:00 level=ERROR msg="Neplatný dátum a čas" INFO.datumacas="1.11.2024 20:20"
time=2025-12-22T12:37:07.969+01:00 level=ERROR msg="Neplatný dátum a čas" INFO.datumacas="1.11.2024 20:20"
time=2025-12-22T12:37:08.170+01:00 level=ERROR msg="Neplatný dátum a čas" INFO.datumacas="1.11.2024 20:20"
time=2025-12-22T12:37:08.405+01:00 level=ERROR msg="Neplatný dátum a čas" INFO.datumacas="1.11.2024 20:20"
time=2025-12-22T12:37:08.590+01:00 level=ERROR msg="Neplatný dátum a čas" INFO.datumacas="1.11.2024 20:20"
time=2025-12-22T12:48:25.897+01:00 level=ERROR msg="Študent nebol nájdený" "student id"=121 CRITICAL.error="record not found"
time=2025-12-22T12:48:25.898+01:00 level=ERROR msg="Chyba pri získavaní ID študenta z databázy" "PDF strana"=0 error="record not found"
time=2025-12-22T12:48:27.424+01:00 level=ERROR msg="Študent nebol nájdený" "student id"=127 CRITICAL.error="record not found"
time=2025-12-22T12:48:27.424+01:00 level=ERROR msg="Chyba pri získavaní ID študenta z databázy" "PDF strana"=83 error="record not found"
time=2025-12-22T12:48:28.534+01:00 level=ERROR msg="Študent nebol nájdený" "student id"=121 CRITICAL.error="record not found"
time=2025-12-22T12:48:28.535+01:00 level=ERROR msg="Chyba pri získavaní ID študenta z databázy" "PDF strana"=1 error="record not found"
time=2025-12-22T12:48:32.849+01:00 level=ERROR msg="Chyba pri rozpoznávaní čísiel otázok - menej otazok nez pocet" "PDF strana"=3
time=2025-12-22T12:48:33.243+01:00 level=ERROR msg="Error during OCR process for image" imagePath=/home/vbox/ScanEvalApp/assets/tmp/temp-image.png error="exit status 1"
time=2025-12-22T12:48:33.243+01:00 level=ERROR msg="Chyba pri extrakcii čísla otázky" questionIndex=0 error="exit status 1" questionNum=-1
time=2025-12-22T12:51:37.099+01:00 level=ERROR msg=---------------------------------------------------
time=2025-12-22T13:02:00.645+01:00 level=ERROR msg="Študent nebol nájdený" "student registration number"=1000026 CRITICAL.error="record not found"
time=2025-12-22T13:02:00.646+01:00 level=ERROR msg="Chyba pri získavaní ID študenta z databázy" "PDF strana"=5 error="record not found"
time=2025-12-22T13:02:01.330+01:00 level=ERROR msg="Študent nebol nájdený" "student id"=107 CRITICAL.error="record not found"
time=2025-12-22T13:02:01.330+01:00 level=ERROR msg="Chyba pri získavaní ID študenta z databázy" "PDF strana"=2 error="record not found"
time=2025-12-22T14:14:30.565+01:00 level=ERROR msg=---------------------------------------------------
time=2025-12-22T14:17:08.558+01:00 level=ERROR msg=---------------------------------------------------
time=2025-12-22T16:57:30.309+01:00 level=ERROR msg=---------------------------------------------------
time=2025-12-22T17:02:04.006+01:00 level=ERROR msg="Študent nebol nájdený" "student id"=155 CRITICAL.error="record not found"
time=2025-12-22T17:02:04.007+01:00 level=ERROR msg="Chyba pri získavaní ID študenta z databázy" "PDF strana"=0 error="record not found"
time=2025-12-22T17:02:05.304+01:00 level=ERROR msg="Študent nebol nájdený" "student id"=151 CRITICAL.error="record not found"
time=2025-12-22T17:02:05.304+01:00 level=ERROR msg="Chyba pri získavaní ID študenta z databázy" "PDF strana"=48 error="record not found"
time=2025-12-22T17:02:07.197+01:00 level=ERROR msg="Študent nebol nájdený" "student id"=127 CRITICAL.error="record not found"
time=2025-12-22T17:02:07.199+01:00 level=ERROR msg="Chyba pri získavaní ID študenta z databázy" "PDF strana"=24 error="record not found"
time=2025-12-22T17:02:11.210+01:00 level=ERROR msg="Študent nebol nájdený" "student id"=150 CRITICAL.error="record not found"
time=2025-12-22T17:02:11.211+01:00 level=ERROR msg="Chyba pri získavaní ID študenta z databázy" "PDF strana"=1 error="record not found"
time=2025-12-22T17:02:12.733+01:00 level=ERROR msg="Študent nebol nájdený" "student id"=157 CRITICAL.error="record not found"
time=2025-12-22T17:02:12.733+01:00 level=ERROR msg="Chyba pri získavaní ID študenta z databázy" "PDF strana"=2 error="record not found"
time=2025-12-22T17:02:15.019+01:00 level=ERROR msg="Študent nebol nájdený" "student id"=147 CRITICAL.error="record not found"
time=2025-12-22T17:02:15.019+01:00 level=ERROR msg="Chyba pri získavaní ID študenta z databázy" "PDF strana"=3 error="record not found"
time=2025-12-22T17:02:17.078+01:00 level=ERROR msg="Študent nebol nájdený" "student id"=161 CRITICAL.error="record not found"
time=2025-12-22T17:02:17.078+01:00 level=ERROR msg="Chyba pri získavaní ID študenta z databázy" "PDF strana"=4 error="record not found"
time=2025-12-22T17:02:19.068+01:00 level=ERROR msg="Študent nebol nájdený" "student id"=145 CRITICAL.error="record not found"
time=2025-12-22T17:02:19.068+01:00 level=ERROR msg="Chyba pri získavaní ID študenta z databázy" "PDF strana"=5 error="record not found"
time=2025-12-22T17:02:22.925+01:00 level=ERROR msg="Študent nebol nájdený" "student id"=152 CRITICAL.error="record not found"
time=2025-12-22T17:02:22.926+01:00 level=ERROR msg="Chyba pri získavaní ID študenta z databázy" "PDF strana"=6 error="record not found"
time=2025-12-22T17:02:25.330+01:00 level=ERROR msg="Študent nebol nájdený" "student id"=144 CRITICAL.error="record not found"
time=2025-12-22T17:02:25.330+01:00 level=ERROR msg="Chyba pri získavaní ID študenta z databázy" "PDF strana"=8 error="record not found"
time=2025-12-22T17:02:28.382+01:00 level=ERROR msg="Študent nebol nájdený" "student id"=153 CRITICAL.error="record not found"
time=2025-12-22T17:02:28.382+01:00 level=ERROR msg="Chyba pri získavaní ID študenta z databázy" "PDF strana"=9 error="record not found"
time=2025-12-22T17:02:30.848+01:00 level=ERROR msg="Študent nebol nájdený" "student id"=146 CRITICAL.error="record not found"
time=2025-12-22T17:02:30.848+01:00 level=ERROR msg="Chyba pri získavaní ID študenta z databázy" "PDF strana"=7 error="record not found"
time=2025-12-22T17:02:31.762+01:00 level=ERROR msg="Študent nebol nájdený" "student id"=139 CRITICAL.error="record not found"
time=2025-12-22T17:02:31.763+01:00 level=ERROR msg="Chyba pri získavaní ID študenta z databázy" "PDF strana"=10 error="record not found"
time=2025-12-22T17:02:32.205+01:00 level=ERROR msg="Študent nebol nájdený" "student id"=117 CRITICAL.error="record not found"
time=2025-12-22T17:02:32.205+01:00 level=ERROR msg="Chyba pri získavaní ID študenta z databázy" "PDF strana"=11 error="record not found"
time=2025-12-22T17:02:32.605+01:00 level=ERROR msg="Študent nebol nájdený" "student id"=124 CRITICAL.error="record not found"
time=2025-12-22T17:02:32.605+01:00 level=ERROR msg="Chyba pri získavaní ID študenta z databázy" "PDF strana"=13 error="record not found"
time=2025-12-22T17:02:33.046+01:00 level=ERROR msg="Študent nebol nájdený" "student id"=125 CRITICAL.error="record not found"
time=2025-12-22T17:02:33.046+01:00 level=ERROR msg="Chyba pri získavaní ID študenta z databázy" "PDF strana"=12 error="record not found"
time=2025-12-22T17:02:33.461+01:00 level=ERROR msg="Študent nebol nájdený" "student id"=128 CRITICAL.error="record not found"
time=2025-12-22T17:02:33.461+01:00 level=ERROR msg="Chyba pri získavaní ID študenta z databázy" "PDF strana"=14 error="record not found"
time=2025-12-22T17:02:33.830+01:00 level=ERROR msg="Študent nebol nájdený" "student id"=134 CRITICAL.error="record not found"
time=2025-12-22T17:02:33.830+01:00 level=ERROR msg="Chyba pri získavaní ID študenta z databázy" "PDF strana"=15 error="record not found"
time=2025-12-22T17:02:35.307+01:00 level=ERROR msg="Študent nebol nájdený" "student id"=130 CRITICAL.error="record not found"
time=2025-12-22T17:02:35.307+01:00 level=ERROR msg="Chyba pri získavaní ID študenta z databázy" "PDF strana"=17 error="record not found"
time=2025-12-22T17:02:35.683+01:00 level=ERROR msg="Študent nebol nájdený" "student id"=121 CRITICAL.error="record not found"
time=2025-12-22T17:02:35.683+01:00 level=ERROR msg="Chyba pri získavaní ID študenta z databázy" "PDF strana"=18 error="record not found"
time=2025-12-22T17:10:53.765+01:00 level=ERROR msg=---------------------------------------------------
time=2025-12-22T17:11:33.663+01:00 level=ERROR msg="Študent nebol nájdený" "student registration number"=131 CRITICAL.error="record not found"
time=2025-12-22T17:11:33.665+01:00 level=ERROR msg="Študent nebol nájdený" "student id"=131 CRITICAL.error="record not found"
time=2025-12-22T17:11:33.665+01:00 level=ERROR msg="Chyba pri získavaní ID študenta z databázy" "PDF strana"=23 error="record not found"
time=2025-12-22T17:11:43.258+01:00 level=ERROR msg=---------------------------------------------------
time=2025-12-22T17:12:07.151+01:00 level=ERROR msg="Test nebol nájdený" "ID testu"=0 CRITICAL.error="record not found"
time=2025-12-22T17:37:02.049+01:00 level=ERROR msg=---------------------------------------------------
time=2026-01-07T10:01:37.812+01:00 level=ERROR msg=---------------------------------------------------
time=2026-01-17T14:27:50.322+01:00 level=ERROR msg="Error merging PDFs" error="exit status 255"
time=2026-01-17T14:27:50.323+01:00 level=ERROR msg="Error merging PDF for student" student_id=84 error="exit status 255"
time=2026-01-17T14:27:50.892+01:00 level=ERROR msg="Error merging PDFs" error="exit status 255"
time=2026-01-17T14:27:50.892+01:00 level=ERROR msg="Error merging PDF for student" student_id=85 error="exit status 255"
time=2026-01-17T14:27:51.101+01:00 level=ERROR msg="Error merging PDFs" error="exit status 255"
time=2026-01-17T14:27:51.101+01:00 level=ERROR msg="Error merging PDF for student" student_id=86 error="exit status 255"
time=2026-01-17T14:27:51.103+01:00 level=ERROR msg="error opening source PDF" error="open assets/tmp/student_78.pdf: no such file or directory"
time=2026-01-17T15:26:10.845+01:00 level=ERROR msg="Študent nebol nájdený" "student id"=151 CRITICAL.error="record not found"
time=2026-01-17T15:26:10.880+01:00 level=ERROR msg="Chyba pri získavaní ID študenta z databázy" "PDF strana"=48 error="record not found"
time=2026-01-17T15:26:14.484+01:00 level=ERROR msg="Študent nebol nájdený" "student id"=127 CRITICAL.error="record not found"
time=2026-01-17T15:26:14.484+01:00 level=ERROR msg="Chyba pri získavaní ID študenta z databázy" "PDF strana"=24 error="record not found"
time=2026-01-17T15:26:18.180+01:00 level=ERROR msg="Študent nebol nájdený" "student id"=136 CRITICAL.error="record not found"
time=2026-01-17T15:26:18.181+01:00 level=ERROR msg="Chyba pri získavaní ID študenta z databázy" "PDF strana"=26 error="record not found"
time=2026-01-17T15:26:19.122+01:00 level=ERROR msg="Študent nebol nájdený" "student id"=137 CRITICAL.error="record not found"
time=2026-01-17T15:26:19.122+01:00 level=ERROR msg="Chyba pri získavaní ID študenta z databázy" "PDF strana"=27 error="record not found"
time=2026-01-17T15:26:19.602+01:00 level=ERROR msg="Študent nebol nájdený" "student id"=116 CRITICAL.error="record not found"
time=2026-01-17T15:26:19.602+01:00 level=ERROR msg="Chyba pri získavaní ID študenta z databázy" "PDF strana"=25 error="record not found"
time=2026-01-17T15:26:20.517+01:00 level=ERROR msg="Študent nebol nájdený" "student id"=119 CRITICAL.error="record not found"
time=2026-01-17T15:26:20.517+01:00 level=ERROR msg="Chyba pri získavaní ID študenta z databázy" "PDF strana"=29 error="record not found"
time=2026-01-17T15:26:22.016+01:00 level=ERROR msg="Študent nebol nájdený" "student id"=138 CRITICAL.error="record not found"
time=2026-01-17T15:26:22.016+01:00 level=ERROR msg="Chyba pri získavaní ID študenta z databázy" "PDF strana"=28 error="record not found"
time=2026-01-17T15:26:26.393+01:00 level=ERROR msg="Študent nebol nájdený" "student id"=140 CRITICAL.error="record not found"
time=2026-01-17T15:26:26.393+01:00 level=ERROR msg="Chyba pri získavaní ID študenta z databázy" "PDF strana"=30 error="record not found"
time=2026-01-17T15:26:27.681+01:00 level=ERROR msg="Študent nebol nájdený" "student id"=118 CRITICAL.error="record not found"
time=2026-01-17T15:26:27.682+01:00 level=ERROR msg="Chyba pri získavaní ID študenta z databázy" "PDF strana"=31 error="record not found"
time=2026-01-17T15:26:28.962+01:00 level=ERROR msg="Študent nebol nájdený" "student id"=129 CRITICAL.error="record not found"
time=2026-01-17T15:26:28.962+01:00 level=ERROR msg="Chyba pri získavaní ID študenta z databázy" "PDF strana"=32 error="record not found"
time=2026-01-17T15:26:30.457+01:00 level=ERROR msg="Študent nebol nájdený" "student id"=122 CRITICAL.error="record not found"
time=2026-01-17T15:26:30.497+01:00 level=ERROR msg="Chyba pri získavaní ID študenta z databázy" "PDF strana"=33 error="record not found"
time=2026-01-17T15:26:37.673+01:00 level=ERROR msg="Študent nebol nájdený" "student id"=123 CRITICAL.error="record not found"
time=2026-01-17T15:26:37.674+01:00 level=ERROR msg="Chyba pri získavaní ID študenta z databázy" "PDF strana"=34 error="record not found"
time=2026-01-17T15:26:41.245+01:00 level=ERROR msg="Študent nebol nájdený" "student id"=163 CRITICAL.error="record not found"
time=2026-01-17T15:26:41.246+01:00 level=ERROR msg="Chyba pri získavaní ID študenta z databázy" "PDF strana"=37 error="record not found"
time=2026-01-17T15:26:41.886+01:00 level=ERROR msg="Študent nebol nájdený" "student id"=154 CRITICAL.error="record not found"
time=2026-01-17T15:26:41.886+01:00 level=ERROR msg="Chyba pri získavaní ID študenta z databázy" "PDF strana"=35 error="record not found"
time=2026-01-17T15:26:42.553+01:00 level=ERROR msg="Študent nebol nájdený" "student id"=141 CRITICAL.error="record not found"
time=2026-01-17T15:26:42.554+01:00 level=ERROR msg="Chyba pri získavaní ID študenta z databázy" "PDF strana"=38 error="record not found"
time=2026-01-17T15:26:43.021+01:00 level=ERROR msg="Študent nebol nájdený" "student id"=156 CRITICAL.error="record not found"
time=2026-01-17T15:26:43.021+01:00 level=ERROR msg="Chyba pri získavaní ID študenta z databázy" "PDF strana"=36 error="record not found"
time=2026-01-17T15:26:43.369+01:00 level=ERROR msg="Študent nebol nájdený" "student id"=142 CRITICAL.error="record not found"
time=2026-01-17T15:26:43.370+01:00 level=ERROR msg="Chyba pri získavaní ID študenta z databázy" "PDF strana"=39 error="record not found"
time=2026-01-17T15:26:43.721+01:00 level=ERROR msg="Študent nebol nájdený" "student id"=158 CRITICAL.error="record not found"
time=2026-01-17T15:26:43.721+01:00 level=ERROR msg="Chyba pri získavaní ID študenta z databázy" "PDF strana"=40 error="record not found"
time=2026-01-17T15:26:44.063+01:00 level=ERROR msg="Študent nebol nájdený" "student id"=162 CRITICAL.error="record not found"
time=2026-01-17T15:26:44.064+01:00 level=ERROR msg="Chyba pri získavaní ID študenta z databázy" "PDF strana"=41 error="record not found"
time=2026-01-17T15:26:44.409+01:00 level=ERROR msg="Študent nebol nájdený" "student id"=148 CRITICAL.error="record not found"
time=2026-01-17T15:26:44.409+01:00 level=ERROR msg="Chyba pri získavaní ID študenta z databázy" "PDF strana"=42 error="record not found"
time=2026-01-17T15:26:44.818+01:00 level=ERROR msg="Študent nebol nájdený" "student id"=143 CRITICAL.error="record not found"
time=2026-01-17T15:26:44.818+01:00 level=ERROR msg="Chyba pri získavaní ID študenta z databázy" "PDF strana"=43 error="record not found"
time=2026-01-17T15:26:45.192+01:00 level=ERROR msg="Študent nebol nájdený" "student id"=149 CRITICAL.error="record not found"
time=2026-01-17T15:26:45.193+01:00 level=ERROR msg="Chyba pri získavaní ID študenta z databázy" "PDF strana"=45 error="record not found"
time=2026-01-17T15:26:46.368+01:00 level=ERROR msg="Študent nebol nájdený" "student id"=160 CRITICAL.error="record not found"
time=2026-01-17T15:26:46.368+01:00 level=ERROR msg="Chyba pri získavaní ID študenta z databázy" "PDF strana"=44 error="record not found"
time=2026-01-17T15:26:47.361+01:00 level=ERROR msg="Študent nebol nájdený" "student id"=164 CRITICAL.error="record not found"
time=2026-01-17T15:26:47.361+01:00 level=ERROR msg="Chyba pri získavaní ID študenta z databázy" "PDF strana"=47 error="record not found"
time=2026-01-17T15:26:47.877+01:00 level=ERROR msg="Študent nebol nájdený" "student id"=159 CRITICAL.error="record not found"
time=2026-01-17T15:26:47.877+01:00 level=ERROR msg="Chyba pri získavaní ID študenta z databázy" "PDF strana"=46 error="record not found"
time=2026-01-17T15:26:48.318+01:00 level=ERROR msg="Študent nebol nájdený" "student id"=146 CRITICAL.error="record not found"
time=2026-01-17T15:26:48.319+01:00 level=ERROR msg="Chyba pri získavaní ID študenta z databázy" "PDF strana"=7 error="record not found"
time=2026-01-17T15:26:48.767+01:00 level=ERROR msg="Študent nebol nájdený" "student id"=153 CRITICAL.error="record not found"
time=2026-01-17T15:26:48.770+01:00 level=ERROR msg="Chyba pri získavaní ID študenta z databázy" "PDF strana"=9 error="record not found"
time=2026-01-17T15:26:49.186+01:00 level=ERROR msg="Študent nebol nájdený" "student id"=117 CRITICAL.error="record not found"
time=2026-01-17T15:26:49.186+01:00 level=ERROR msg="Chyba pri získavaní ID študenta z databázy" "PDF strana"=11 error="record not found"
time=2026-01-17T15:26:49.557+01:00 level=ERROR msg="Študent nebol nájdený" "student id"=139 CRITICAL.error="record not found"
time=2026-01-17T15:26:49.557+01:00 level=ERROR msg="Chyba pri získavaní ID študenta z databázy" "PDF strana"=10 error="record not found"
time=2026-01-17T15:26:49.991+01:00 level=ERROR msg="Študent nebol nájdený" "student id"=121 CRITICAL.error="record not found"
time=2026-01-17T15:26:49.991+01:00 level=ERROR msg="Chyba pri získavaní ID študenta z databázy" "PDF strana"=18 error="record not found"
time=2026-01-17T15:26:50.333+01:00 level=ERROR msg="Študent nebol nájdený" "student id"=144 CRITICAL.error="record not found"
time=2026-01-17T15:26:50.333+01:00 level=ERROR msg="Chyba pri získavaní ID študenta z databázy" "PDF strana"=8 error="record not found"
time=2026-01-17T15:26:50.682+01:00 level=ERROR msg="Študent nebol nájdený" "student id"=128 CRITICAL.error="record not found"
time=2026-01-17T15:26:50.683+01:00 level=ERROR msg="Chyba pri získavaní ID študenta z databázy" "PDF strana"=14 error="record not found"
time=2026-01-17T15:26:51.621+01:00 level=ERROR msg="Študent nebol nájdený" "student registration number"=1000054 CRITICAL.error="record not found"
time=2026-01-17T15:26:51.621+01:00 level=ERROR msg="Chyba pri získavaní ID študenta z databázy" "PDF strana"=16 error="record not found"
time=2026-01-17T15:26:52.095+01:00 level=ERROR msg="Študent nebol nájdený" "student id"=134 CRITICAL.error="record not found"
time=2026-01-17T15:26:52.095+01:00 level=ERROR msg="Chyba pri získavaní ID študenta z databázy" "PDF strana"=15 error="record not found"
time=2026-01-17T15:26:52.477+01:00 level=ERROR msg="Študent nebol nájdený" "student id"=130 CRITICAL.error="record not found"
time=2026-01-17T15:26:52.477+01:00 level=ERROR msg="Chyba pri získavaní ID študenta z databázy" "PDF strana"=17 error="record not found"
time=2026-01-17T15:26:52.844+01:00 level=ERROR msg="Študent nebol nájdený" "student id"=126 CRITICAL.error="record not found"
time=2026-01-17T15:26:52.845+01:00 level=ERROR msg="Chyba pri získavaní ID študenta z databázy" "PDF strana"=21 error="record not found"
time=2026-01-17T15:26:53.202+01:00 level=ERROR msg="Študent nebol nájdený" "student id"=132 CRITICAL.error="record not found"
time=2026-01-17T15:26:53.202+01:00 level=ERROR msg="Chyba pri získavaní ID študenta z databázy" "PDF strana"=19 error="record not found"
time=2026-01-17T15:26:53.547+01:00 level=ERROR msg="Študent nebol nájdený" "student id"=157 CRITICAL.error="record not found"
time=2026-01-17T15:26:53.547+01:00 level=ERROR msg="Chyba pri získavaní ID študenta z databázy" "PDF strana"=2 error="record not found"
time=2026-01-17T15:26:53.916+01:00 level=ERROR msg="Študent nebol nájdený" "student id"=135 CRITICAL.error="record not found"
time=2026-01-17T15:26:53.916+01:00 level=ERROR msg="Chyba pri získavaní ID študenta z databázy" "PDF strana"=22 error="record not found"
time=2026-01-17T15:26:54.286+01:00 level=ERROR msg="Študent nebol nájdený" "student id"=155 CRITICAL.error="record not found"
time=2026-01-17T15:26:54.286+01:00 level=ERROR msg="Chyba pri získavaní ID študenta z databázy" "PDF strana"=0 error="record not found"
time=2026-01-17T15:26:54.810+01:00 level=ERROR msg="Študent nebol nájdený" "student id"=133 CRITICAL.error="record not found"
time=2026-01-17T15:26:54.811+01:00 level=ERROR msg="Chyba pri získavaní ID študenta z databázy" "PDF strana"=20 error="record not found"
time=2026-01-17T15:26:55.140+01:00 level=ERROR msg="Študent nebol nájdený" "student id"=131 CRITICAL.error="record not found"
time=2026-01-17T15:26:55.140+01:00 level=ERROR msg="Chyba pri získavaní ID študenta z databázy" "PDF strana"=23 error="record not found"
time=2026-01-17T15:26:55.482+01:00 level=ERROR msg="Študent nebol nájdený" "student id"=150 CRITICAL.error="record not found"
time=2026-01-17T15:26:55.482+01:00 level=ERROR msg="Chyba pri získavaní ID študenta z databázy" "PDF strana"=1 error="record not found"
time=2026-01-17T15:26:55.832+01:00 level=ERROR msg="Študent nebol nájdený" "student id"=161 CRITICAL.error="record not found"
time=2026-01-17T15:26:55.832+01:00 level=ERROR msg="Chyba pri získavaní ID študenta z databázy" "PDF strana"=4 error="record not found"
time=2026-01-17T15:26:56.154+01:00 level=ERROR msg="Študent nebol nájdený" "student id"=145 CRITICAL.error="record not found"
time=2026-01-17T15:26:56.154+01:00 level=ERROR msg="Chyba pri získavaní ID študenta z databázy" "PDF strana"=5 error="record not found"
time=2026-01-17T15:26:56.481+01:00 level=ERROR msg="Študent nebol nájdený" "student id"=125 CRITICAL.error="record not found"
time=2026-01-17T15:26:56.482+01:00 level=ERROR msg="Chyba pri získavaní ID študenta z databázy" "PDF strana"=12 error="record not found"
time=2026-01-17T15:26:56.805+01:00 level=ERROR msg="Študent nebol nájdený" "student id"=147 CRITICAL.error="record not found"
time=2026-01-17T15:26:56.805+01:00 level=ERROR msg="Chyba pri získavaní ID študenta z databázy" "PDF strana"=3 error="record not found"
time=2026-01-17T15:26:57.118+01:00 level=ERROR msg="Študent nebol nájdený" "student id"=152 CRITICAL.error="record not found"
time=2026-01-17T15:26:57.118+01:00 level=ERROR msg="Chyba pri získavaní ID študenta z databázy" "PDF strana"=6 error="record not found"
time=2026-01-17T15:26:57.421+01:00 level=ERROR msg="Študent nebol nájdený" "student id"=124 CRITICAL.error="record not found"
time=2026-01-17T15:26:57.421+01:00 level=ERROR msg="Chyba pri získavaní ID študenta z databázy" "PDF strana"=13 error="record not found"
time=2026-01-17T20:10:41.998+01:00 level=ERROR msg="Chyba pri vytváraní študenta" CRITICAL.error="UNIQUE constraint failed: students.registration_number"
time=2026-01-17T20:10:41.999+01:00 level=ERROR msg="Chyba pri ukladaní študenta" studentName=John error="UNIQUE constraint failed: students.registration_number"
